// Jest Snapshot v1, https://goo.gl/fbAQLP

exports[`CalendarDisplayer snapshot test 1`] = `
<View
  style={
    Object {
      "height": "100%",
      "width": "100%",
    }
  }
>
  <View
    onLayout={[Function]}
    style={
      Array [
        Object {
          "height": "80%",
          "width": "100%",
        },
        Object {
          "flex": 1,
          "overflow": "hidden",
        },
      ]
    }
  >
    <View
      style={
        Object {
          "backgroundColor": "#f4f4f4",
          "flex": 1,
          "marginTop": 104,
        }
      }
    />
    <View
      style={
        Object {
          "bottom": 1230,
          "height": 0,
          "justifyContent": "flex-end",
          "overflow": "hidden",
          "position": "absolute",
          "transform": Array [
            Object {
              "translateY": 1230,
            },
          ],
          "width": "100%",
        }
      }
    >
      <View
        style={
          Object {
            "flex": 1,
            "transform": Array [
              Object {
                "translateY": 0,
              },
            ],
          }
        }
      />
      <View
        style={
          Object {
            "alignItems": "center",
            "backgroundColor": "#ffffff",
            "bottom": 0,
            "flex": 1,
            "height": 24,
            "left": 0,
            "position": "absolute",
            "right": 0,
          }
        }
      >
        <View>
          <View
            style={
              Object {
                "backgroundColor": "#f2F4f5",
                "borderRadius": 3,
                "height": 7,
                "marginTop": 10,
                "width": 38,
              }
            }
          />
        </View>
      </View>
    </View>
    <View
      style={
        Object {
          "backgroundColor": "#ffffff",
          "flexDirection": "row",
          "height": 104,
          "justifyContent": "space-around",
          "left": 0,
          "marginLeft": 15,
          "marginRight": 15,
          "opacity": 0,
          "paddingBottom": 7,
          "paddingTop": 15,
          "position": "absolute",
          "right": 0,
          "top": 0,
          "transform": Array [
            Object {
              "translateY": -104,
            },
          ],
        }
      }
    >
      <Text
        accessible={true}
        allowFontScaling={false}
        ellipsizeMode="tail"
        numberOfLines={1}
        style={
          Object {
            "color": "#b6c1cd",
            "fontSize": 13,
            "textAlign": "center",
            "width": 32,
          }
        }
      />
      <Text
        accessible={true}
        allowFontScaling={false}
        ellipsizeMode="tail"
        numberOfLines={1}
        style={
          Object {
            "color": "#b6c1cd",
            "fontSize": 13,
            "textAlign": "center",
            "width": 32,
          }
        }
      >
        Mon
      </Text>
      <Text
        accessible={true}
        allowFontScaling={false}
        ellipsizeMode="tail"
        numberOfLines={1}
        style={
          Object {
            "color": "#b6c1cd",
            "fontSize": 13,
            "textAlign": "center",
            "width": 32,
          }
        }
      >
        Tue
      </Text>
      <Text
        accessible={true}
        allowFontScaling={false}
        ellipsizeMode="tail"
        numberOfLines={1}
        style={
          Object {
            "color": "#b6c1cd",
            "fontSize": 13,
            "textAlign": "center",
            "width": 32,
          }
        }
      >
        Wed
      </Text>
      <Text
        accessible={true}
        allowFontScaling={false}
        ellipsizeMode="tail"
        numberOfLines={1}
        style={
          Object {
            "color": "#b6c1cd",
            "fontSize": 13,
            "textAlign": "center",
            "width": 32,
          }
        }
      >
        Thu
      </Text>
      <Text
        accessible={true}
        allowFontScaling={false}
        ellipsizeMode="tail"
        numberOfLines={1}
        style={
          Object {
            "color": "#b6c1cd",
            "fontSize": 13,
            "textAlign": "center",
            "width": 32,
          }
        }
      >
        Fri
      </Text>
      <Text
        accessible={true}
        allowFontScaling={false}
        ellipsizeMode="tail"
        numberOfLines={1}
        style={
          Object {
            "color": "#b6c1cd",
            "fontSize": 13,
            "textAlign": "center",
            "width": 32,
          }
        }
      >
        Sat
      </Text>
      <Text
        accessible={true}
        allowFontScaling={false}
        ellipsizeMode="tail"
        numberOfLines={1}
        style={
          Object {
            "color": "#b6c1cd",
            "fontSize": 13,
            "textAlign": "center",
            "width": 32,
          }
        }
      >
        Sun
      </Text>
    </View>
  </View>
  <View
    accessible={true}
    isTVSelectable={true}
    onResponderGrant={[Function]}
    onResponderMove={[Function]}
    onResponderRelease={[Function]}
    onResponderTerminate={[Function]}
    onResponderTerminationRequest={[Function]}
    onStartShouldSetResponder={[Function]}
    style={
      Object {
        "backgroundColor": "#5cacec",
        "borderRadius": 100,
        "bottom": 10,
        "elevation": 4,
        "height": 70,
        "justifyContent": "center",
        "opacity": 1,
        "position": "absolute",
        "right": 10,
        "shadowColor": "black",
        "shadowOffset": Object {
          "height": 1,
          "width": 1,
        },
        "shadowOpacity": 1,
        "shadowRadius": 2,
        "width": 70,
      }
    }
  >
    <Text
      accessible={true}
      allowFontScaling={true}
      ellipsizeMode="tail"
      style={
        Object {
          "color": "white",
          "textAlign": "center",
        }
      }
    >
      Add new event
    </Text>
  </View>
  <View>
    <Modal
      animationType="slide"
      hardwareAccelerated={false}
      onRequestClose={[Function]}
      transparent={false}
      visible={false}
    >
      <View
        style={
          Object {
            "alignItems": "center",
            "display": "flex",
            "height": 700,
            "justifyContent": "flex-start",
            "marginTop": 0,
          }
        }
      >
        <View
          style={
            Object {
              "alignItems": "center",
              "display": "flex",
              "flexDirection": "row",
              "height": "10%",
              "justifyContent": "center",
            }
          }
        >
          <Text
            accessible={true}
            allowFontScaling={true}
            ellipsizeMode="tail"
            style={
              Object {
                "backgroundColor": "lightgrey",
                "flex": 8,
                "fontSize": 20,
                "height": "100%",
                "lineHeight": 80,
                "textAlign": "center",
              }
            }
          >
            Event info
          </Text>
        </View>
        <View
          accessible={true}
          isTVSelectable={true}
          onResponderGrant={[Function]}
          onResponderMove={[Function]}
          onResponderRelease={[Function]}
          onResponderTerminate={[Function]}
          onResponderTerminationRequest={[Function]}
          onStartShouldSetResponder={[Function]}
          style={
            Object {
              "alignSelf": "flex-start",
              "backgroundColor": "lightgrey",
              "height": "5%",
              "left": -10,
              "marginBottom": 15,
              "marginLeft": 10,
              "opacity": 1,
              "position": "absolute",
              "top": 17,
              "width": 70,
            }
          }
        >
          <Image
            source={
              Object {
                "process": [Function],
              }
            }
            style={
              Object {
                "flex": 2,
                "height": "100%",
                "marginTop": 10,
                "width": "100%",
              }
            }
          />
        </View>
        <TextInput
          allowFontScaling={true}
          onChangeText={[Function]}
          placeholder="Event description"
          style={
            Object {
              "backgroundColor": "#ededed",
              "fontSize": 25,
              "padding": 20,
              "textAlign": "center",
              "width": "100%",
            }
          }
          value=""
        />
        <View
          style={
            Object {
              "alignItems": "center",
              "borderBottomWidth": 0.7,
              "flexDirection": "row",
              "height": "15%",
              "justifyContent": "center",
              "width": "100%",
            }
          }
        >
          <View
            accessible={true}
            isTVSelectable={true}
            onResponderGrant={[Function]}
            onResponderMove={[Function]}
            onResponderRelease={[Function]}
            onResponderTerminate={[Function]}
            onResponderTerminationRequest={[Function]}
            onStartShouldSetResponder={[Function]}
            style={
              Array [
                Object {
                  "width": 142,
                },
                undefined,
              ]
            }
          >
            <View
              style={
                Array [
                  Object {
                    "alignItems": "center",
                    "flexDirection": "row",
                    "height": 40,
                    "justifyContent": "center",
                  },
                  undefined,
                ]
              }
            >
              <View
                style={
                  Array [
                    Object {
                      "alignItems": "center",
                      "borderColor": "#aaa",
                      "borderWidth": 1,
                      "flex": 1,
                      "height": 40,
                      "justifyContent": "center",
                    },
                    undefined,
                    false,
                    false,
                  ]
                }
              >
                <Text
                  accessible={true}
                  allowFontScaling={true}
                  ellipsizeMode="tail"
                  style={
                    Array [
                      Object {
                        "color": "#c9c9c9",
                      },
                      undefined,
                    ]
                  }
                >
                  select date
                </Text>
              </View>
              <Image
                source={
                  Object {
                    "process": [Function],
                  }
                }
                style={
                  Array [
                    Object {
                      "height": 32,
                      "marginLeft": 5,
                      "marginRight": 5,
                      "width": 32,
                    },
                    undefined,
                  ]
                }
              />
              <Modal
                animationType="none"
                hardwareAccelerated={false}
                onRequestClose={[Function]}
                supportedOrientations={
                  Array [
                    "portrait",
                    "portrait-upside-down",
                    "landscape",
                    "landscape-left",
                    "landscape-right",
                  ]
                }
                transparent={true}
                visible={false}
              >
                <View
                  style={
                    Object {
                      "flex": 1,
                    }
                  }
                >
                  <View
                    accessible={true}
                    isTVSelectable={true}
                    onResponderGrant={[Function]}
                    onResponderMove={[Function]}
                    onResponderRelease={[Function]}
                    onResponderTerminate={[Function]}
                    onResponderTerminationRequest={[Function]}
                    onStartShouldSetResponder={[Function]}
                    style={
                      Object {
                        "alignItems": "flex-end",
                        "backgroundColor": "#00000077",
                        "flex": 1,
                        "flexDirection": "row",
                      }
                    }
                  >
                    <View
                      accessible={true}
                      isTVSelectable={true}
                      onResponderGrant={[Function]}
                      onResponderMove={[Function]}
                      onResponderRelease={[Function]}
                      onResponderTerminate={[Function]}
                      onResponderTerminationRequest={[Function]}
                      onStartShouldSetResponder={[Function]}
                      style={
                        Object {
                          "flex": 1,
                        }
                      }
                    >
                      <View
                        style={
                          Object {
                            "backgroundColor": "#fff",
                            "height": 0,
                            "overflow": "hidden",
                          }
                        }
                      >
                        <View
                          pointerEvents="auto"
                        >
                          <View
                            style={
                              Array [
                                Object {
                                  "borderTopColor": "#ccc",
                                  "borderTopWidth": 1,
                                  "marginTop": 42,
                                },
                                undefined,
                              ]
                            }
                          >
                            <RCTDatePicker
                              date={1539875538690}
                              minimumDate={1539875538754}
                              mode="date"
                              onChange={[Function]}
                              onResponderTerminationRequest={[Function]}
                              onStartShouldSetResponder={[Function]}
                              style={
                                Object {
                                  "height": 216,
                                }
                              }
                              timeZoneOffsetInMinutes={null}
                            />
                          </View>
                        </View>
                        <View
                          accessible={true}
                          isTVSelectable={true}
                          onResponderGrant={[Function]}
                          onResponderMove={[Function]}
                          onResponderRelease={[Function]}
                          onResponderTerminate={[Function]}
                          onResponderTerminationRequest={[Function]}
                          onStartShouldSetResponder={[Function]}
                          style={
                            Array [
                              Object {
                                "alignItems": "center",
                                "flexDirection": "row",
                                "height": 42,
                                "justifyContent": "center",
                                "paddingHorizontal": 20,
                                "position": "absolute",
                                "top": 0,
                              },
                              Object {
                                "left": 0,
                              },
                              undefined,
                            ]
                          }
                        >
                          <Text
                            accessible={true}
                            allowFontScaling={true}
                            ellipsizeMode="tail"
                            style={
                              Array [
                                Object {
                                  "color": "#46cf98",
                                  "fontSize": 16,
                                },
                                Object {
                                  "color": "#666",
                                },
                                undefined,
                              ]
                            }
                          >
                            Cancel
                          </Text>
                        </View>
                        <View
                          accessible={true}
                          isTVSelectable={true}
                          onResponderGrant={[Function]}
                          onResponderMove={[Function]}
                          onResponderRelease={[Function]}
                          onResponderTerminate={[Function]}
                          onResponderTerminationRequest={[Function]}
                          onStartShouldSetResponder={[Function]}
                          style={
                            Array [
                              Object {
                                "alignItems": "center",
                                "flexDirection": "row",
                                "height": 42,
                                "justifyContent": "center",
                                "paddingHorizontal": 20,
                                "position": "absolute",
                                "top": 0,
                              },
                              Object {
                                "right": 0,
                              },
                              undefined,
                            ]
                          }
                        >
                          <Text
                            accessible={true}
                            allowFontScaling={true}
                            ellipsizeMode="tail"
                            style={
                              Array [
                                Object {
                                  "color": "#46cf98",
                                  "fontSize": 16,
                                },
                                undefined,
                              ]
                            }
                          >
                            Confirm
                          </Text>
                        </View>
                      </View>
                    </View>
                  </View>
                </View>
              </Modal>
            </View>
          </View>
        </View>
        <View
          style={
            Object {
              "alignItems": "center",
              "borderBottomWidth": 0.7,
              "flexDirection": "row",
              "height": "15%",
              "justifyContent": "center",
              "width": "100%",
            }
          }
        >
          <View
            accessible={true}
            isTVSelectable={true}
            onResponderGrant={[Function]}
            onResponderMove={[Function]}
            onResponderRelease={[Function]}
            onResponderTerminate={[Function]}
            onResponderTerminationRequest={[Function]}
            onStartShouldSetResponder={[Function]}
            style={
              Array [
                Object {
                  "width": 142,
                },
                undefined,
              ]
            }
          >
            <View
              style={
                Array [
                  Object {
                    "alignItems": "center",
                    "flexDirection": "row",
                    "height": 40,
                    "justifyContent": "center",
                  },
                  undefined,
                ]
              }
            >
              <View
                style={
                  Array [
                    Object {
                      "alignItems": "center",
                      "borderColor": "#aaa",
                      "borderWidth": 1,
                      "flex": 1,
                      "height": 40,
                      "justifyContent": "center",
                    },
                    undefined,
                    false,
                    false,
                  ]
                }
              >
                <Text
                  accessible={true}
                  allowFontScaling={true}
                  ellipsizeMode="tail"
                  style={
                    Array [
                      Object {
                        "color": "#c9c9c9",
                      },
                      undefined,
                    ]
                  }
                >
                  start time
                </Text>
              </View>
              <Image
                source={
                  Object {
                    "process": [Function],
                  }
                }
                style={
                  Array [
                    Object {
                      "height": 32,
                      "marginLeft": 5,
                      "marginRight": 5,
                      "width": 32,
                    },
                    undefined,
                  ]
                }
              />
              <Modal
                animationType="none"
                hardwareAccelerated={false}
                onRequestClose={[Function]}
                supportedOrientations={
                  Array [
                    "portrait",
                    "portrait-upside-down",
                    "landscape",
                    "landscape-left",
                    "landscape-right",
                  ]
                }
                transparent={true}
                visible={false}
              >
                <View
                  style={
                    Object {
                      "flex": 1,
                    }
                  }
                >
                  <View
                    accessible={true}
                    isTVSelectable={true}
                    onResponderGrant={[Function]}
                    onResponderMove={[Function]}
                    onResponderRelease={[Function]}
                    onResponderTerminate={[Function]}
                    onResponderTerminationRequest={[Function]}
                    onStartShouldSetResponder={[Function]}
                    style={
                      Object {
                        "alignItems": "flex-end",
                        "backgroundColor": "#00000077",
                        "flex": 1,
                        "flexDirection": "row",
                      }
                    }
                  >
                    <View
                      accessible={true}
                      isTVSelectable={true}
                      onResponderGrant={[Function]}
                      onResponderMove={[Function]}
                      onResponderRelease={[Function]}
                      onResponderTerminate={[Function]}
                      onResponderTerminationRequest={[Function]}
                      onStartShouldSetResponder={[Function]}
                      style={
                        Object {
                          "flex": 1,
                        }
                      }
                    >
                      <View
                        style={
                          Object {
                            "backgroundColor": "#fff",
                            "height": 0,
                            "overflow": "hidden",
                          }
                        }
                      >
                        <View
                          pointerEvents="auto"
                        >
                          <View
                            style={
                              Array [
                                Object {
                                  "borderTopColor": "#ccc",
                                  "borderTopWidth": 1,
                                  "marginTop": 42,
                                },
                                undefined,
                              ]
                            }
                          >
                            <RCTDatePicker
                              date={1539875538726}
                              mode="time"
                              onChange={[Function]}
                              onResponderTerminationRequest={[Function]}
                              onStartShouldSetResponder={[Function]}
                              style={
                                Object {
                                  "height": 216,
                                }
                              }
                              timeZoneOffsetInMinutes={null}
                            />
                          </View>
                        </View>
                        <View
                          accessible={true}
                          isTVSelectable={true}
                          onResponderGrant={[Function]}
                          onResponderMove={[Function]}
                          onResponderRelease={[Function]}
                          onResponderTerminate={[Function]}
                          onResponderTerminationRequest={[Function]}
                          onStartShouldSetResponder={[Function]}
                          style={
                            Array [
                              Object {
                                "alignItems": "center",
                                "flexDirection": "row",
                                "height": 42,
                                "justifyContent": "center",
                                "paddingHorizontal": 20,
                                "position": "absolute",
                                "top": 0,
                              },
                              Object {
                                "left": 0,
                              },
                              undefined,
                            ]
                          }
                        >
                          <Text
                            accessible={true}
                            allowFontScaling={true}
                            ellipsizeMode="tail"
                            style={
                              Array [
                                Object {
                                  "color": "#46cf98",
                                  "fontSize": 16,
                                },
                                Object {
                                  "color": "#666",
                                },
                                undefined,
                              ]
                            }
                          >
                            Cancel
                          </Text>
                        </View>
                        <View
                          accessible={true}
                          isTVSelectable={true}
                          onResponderGrant={[Function]}
                          onResponderMove={[Function]}
                          onResponderRelease={[Function]}
                          onResponderTerminate={[Function]}
                          onResponderTerminationRequest={[Function]}
                          onStartShouldSetResponder={[Function]}
                          style={
                            Array [
                              Object {
                                "alignItems": "center",
                                "flexDirection": "row",
                                "height": 42,
                                "justifyContent": "center",
                                "paddingHorizontal": 20,
                                "position": "absolute",
                                "top": 0,
                              },
                              Object {
                                "right": 0,
                              },
                              undefined,
                            ]
                          }
                        >
                          <Text
                            accessible={true}
                            allowFontScaling={true}
                            ellipsizeMode="tail"
                            style={
                              Array [
                                Object {
                                  "color": "#46cf98",
                                  "fontSize": 16,
                                },
                                undefined,
                              ]
                            }
                          >
                            Confirm
                          </Text>
                        </View>
                      </View>
                    </View>
                  </View>
                </View>
              </Modal>
            </View>
          </View>
          <View
            accessible={true}
            isTVSelectable={true}
            onResponderGrant={[Function]}
            onResponderMove={[Function]}
            onResponderRelease={[Function]}
            onResponderTerminate={[Function]}
            onResponderTerminationRequest={[Function]}
            onStartShouldSetResponder={[Function]}
            style={
              Array [
                Object {
                  "width": 142,
                },
                undefined,
              ]
            }
          >
            <View
              style={
                Array [
                  Object {
                    "alignItems": "center",
                    "flexDirection": "row",
                    "height": 40,
                    "justifyContent": "center",
                  },
                  undefined,
                ]
              }
            >
              <View
                style={
                  Array [
                    Object {
                      "alignItems": "center",
                      "borderColor": "#aaa",
                      "borderWidth": 1,
                      "flex": 1,
                      "height": 40,
                      "justifyContent": "center",
                    },
                    undefined,
                    false,
                    false,
                  ]
                }
              >
                <Text
                  accessible={true}
                  allowFontScaling={true}
                  ellipsizeMode="tail"
                  style={
                    Array [
                      Object {
                        "color": "#c9c9c9",
                      },
                      undefined,
                    ]
                  }
                >
                  end time
                </Text>
              </View>
              <Image
                source={
                  Object {
                    "process": [Function],
                  }
                }
                style={
                  Array [
                    Object {
                      "height": 32,
                      "marginLeft": 5,
                      "marginRight": 5,
                      "width": 32,
                    },
                    undefined,
                  ]
                }
              />
              <Modal
                animationType="none"
                hardwareAccelerated={false}
                onRequestClose={[Function]}
                supportedOrientations={
                  Array [
                    "portrait",
                    "portrait-upside-down",
                    "landscape",
                    "landscape-left",
                    "landscape-right",
                  ]
                }
                transparent={true}
                visible={false}
              >
                <View
                  style={
                    Object {
                      "flex": 1,
                    }
                  }
                >
                  <View
                    accessible={true}
                    isTVSelectable={true}
                    onResponderGrant={[Function]}
                    onResponderMove={[Function]}
                    onResponderRelease={[Function]}
                    onResponderTerminate={[Function]}
                    onResponderTerminationRequest={[Function]}
                    onStartShouldSetResponder={[Function]}
                    style={
                      Object {
                        "alignItems": "flex-end",
                        "backgroundColor": "#00000077",
                        "flex": 1,
                        "flexDirection": "row",
                      }
                    }
                  >
                    <View
                      accessible={true}
                      isTVSelectable={true}
                      onResponderGrant={[Function]}
                      onResponderMove={[Function]}
                      onResponderRelease={[Function]}
                      onResponderTerminate={[Function]}
                      onResponderTerminationRequest={[Function]}
                      onStartShouldSetResponder={[Function]}
                      style={
                        Object {
                          "flex": 1,
                        }
                      }
                    >
                      <View
                        style={
                          Object {
                            "backgroundColor": "#fff",
                            "height": 0,
                            "overflow": "hidden",
                          }
                        }
                      >
                        <View
                          pointerEvents="auto"
                        >
                          <View
                            style={
                              Array [
                                Object {
                                  "borderTopColor": "#ccc",
                                  "borderTopWidth": 1,
                                  "marginTop": 42,
                                },
                                undefined,
                              ]
                            }
                          >
                            <RCTDatePicker
                              date={1539875538732}
                              mode="time"
                              onChange={[Function]}
                              onResponderTerminationRequest={[Function]}
                              onStartShouldSetResponder={[Function]}
                              style={
                                Object {
                                  "height": 216,
                                }
                              }
                              timeZoneOffsetInMinutes={null}
                            />
                          </View>
                        </View>
                        <View
                          accessible={true}
                          isTVSelectable={true}
                          onResponderGrant={[Function]}
                          onResponderMove={[Function]}
                          onResponderRelease={[Function]}
                          onResponderTerminate={[Function]}
                          onResponderTerminationRequest={[Function]}
                          onStartShouldSetResponder={[Function]}
                          style={
                            Array [
                              Object {
                                "alignItems": "center",
                                "flexDirection": "row",
                                "height": 42,
                                "justifyContent": "center",
                                "paddingHorizontal": 20,
                                "position": "absolute",
                                "top": 0,
                              },
                              Object {
                                "left": 0,
                              },
                              undefined,
                            ]
                          }
                        >
                          <Text
                            accessible={true}
                            allowFontScaling={true}
                            ellipsizeMode="tail"
                            style={
                              Array [
                                Object {
                                  "color": "#46cf98",
                                  "fontSize": 16,
                                },
                                Object {
                                  "color": "#666",
                                },
                                undefined,
                              ]
                            }
                          >
                            Cancel
                          </Text>
                        </View>
                        <View
                          accessible={true}
                          isTVSelectable={true}
                          onResponderGrant={[Function]}
                          onResponderMove={[Function]}
                          onResponderRelease={[Function]}
                          onResponderTerminate={[Function]}
                          onResponderTerminationRequest={[Function]}
                          onStartShouldSetResponder={[Function]}
                          style={
                            Array [
                              Object {
                                "alignItems": "center",
                                "flexDirection": "row",
                                "height": 42,
                                "justifyContent": "center",
                                "paddingHorizontal": 20,
                                "position": "absolute",
                                "top": 0,
                              },
                              Object {
                                "right": 0,
                              },
                              undefined,
                            ]
                          }
                        >
                          <Text
                            accessible={true}
                            allowFontScaling={true}
                            ellipsizeMode="tail"
                            style={
                              Array [
                                Object {
                                  "color": "#46cf98",
                                  "fontSize": 16,
                                },
                                undefined,
                              ]
                            }
                          >
                            Confirm
                          </Text>
                        </View>
                      </View>
                    </View>
                  </View>
                </View>
              </Modal>
            </View>
          </View>
        </View>
        <View
          style={
            Object {
              "bottom": 50,
              "display": "flex",
              "flexDirection": "row",
              "height": "10%",
              "justifyContent": "space-around",
              "position": "absolute",
              "width": "60%",
            }
          }
        >
          <View
            accessible={true}
            isTVSelectable={true}
            onResponderGrant={[Function]}
            onResponderMove={[Function]}
            onResponderRelease={[Function]}
            onResponderTerminate={[Function]}
            onResponderTerminationRequest={[Function]}
            onStartShouldSetResponder={[Function]}
            style={
              Object {
                "alignItems": "center",
                "borderColor": "green",
                "borderRadius": 100,
                "borderWidth": 1,
                "height": 70,
                "justifyContent": "center",
                "opacity": 1,
                "width": 70,
              }
            }
          >
            <Text
              accessible={true}
              allowFontScaling={true}
              ellipsizeMode="tail"
              style={
                Object {
                  "color": "green",
                  "fontSize": 16,
                }
              }
            >
              Save
            </Text>
          </View>
          <View
            accessible={true}
            isTVSelectable={true}
            onResponderGrant={[Function]}
            onResponderMove={[Function]}
            onResponderRelease={[Function]}
            onResponderTerminate={[Function]}
            onResponderTerminationRequest={[Function]}
            onStartShouldSetResponder={[Function]}
            style={
              Object {
                "alignItems": "center",
                "borderColor": "red",
                "borderRadius": 100,
                "borderWidth": 1,
                "height": 70,
                "justifyContent": "center",
                "opacity": 1,
                "width": 70,
              }
            }
          >
            <Text
              accessible={true}
              allowFontScaling={true}
              ellipsizeMode="tail"
              style={
                Object {
                  "color": "red",
                  "fontSize": 16,
                }
              }
            >
              Delete
            </Text>
          </View>
        </View>
      </View>
    </Modal>
  </View>
</View>
`;
